INFO [2025-08-03 12:07:27] $x
INFO [2025-08-03 12:07:27] venn.list2
INFO [2025-08-03 12:07:27] 
INFO [2025-08-03 12:07:27] $na
INFO [2025-08-03 12:07:27] [1] "remove"
INFO [2025-08-03 12:07:27] 
INFO [2025-08-03 12:07:27] $scale
INFO [2025-08-03 12:07:27] F
INFO [2025-08-03 12:07:27] 
INFO [2025-08-03 12:07:27] $main
INFO [2025-08-03 12:07:27] [1] "Origin dataset type I IFN related-DEGs with External Dataset"
INFO [2025-08-03 12:07:27] 
INFO [2025-08-03 12:07:27] $main.cex
INFO [2025-08-03 12:07:27] [1] 2
INFO [2025-08-03 12:07:27] 
INFO [2025-08-03 12:07:27] $main.fontface
INFO [2025-08-03 12:07:27] [1] 2
INFO [2025-08-03 12:07:27] 
INFO [2025-08-03 12:07:27] $main.pos
INFO [2025-08-03 12:07:27] c(0.5, 0.61)
INFO [2025-08-03 12:07:27] 
INFO [2025-08-03 12:07:27] $lwd
INFO [2025-08-03 12:07:27] [1] 2
INFO [2025-08-03 12:07:27] 
INFO [2025-08-03 12:07:27] $lty
INFO [2025-08-03 12:07:27] [1] 1
INFO [2025-08-03 12:07:27] 
INFO [2025-08-03 12:07:27] $col
INFO [2025-08-03 12:07:27] c("#FFDF80", "#C0CBDF")
INFO [2025-08-03 12:07:27] 
INFO [2025-08-03 12:07:27] $filename
INFO [2025-08-03 12:07:27] NULL
INFO [2025-08-03 12:07:27] 
INFO [2025-08-03 12:07:27] $fill
INFO [2025-08-03 12:07:27] c("#FFDF80", "#C0CBDF")
INFO [2025-08-03 12:07:27] 
INFO [2025-08-03 12:07:27] $alpha
INFO [2025-08-03 12:07:27] [1] 0.5
INFO [2025-08-03 12:07:27] 
INFO [2025-08-03 12:07:27] $cat.cex
INFO [2025-08-03 12:07:27] [1] 1.6
INFO [2025-08-03 12:07:27] 
INFO [2025-08-03 12:07:27] $cex
INFO [2025-08-03 12:07:27] [1] 1.6
INFO [2025-08-03 12:07:27] 
INFO [2025-08-03 12:07:27] $cat.dist
INFO [2025-08-03 12:07:27] [1] 0.04
INFO [2025-08-03 12:07:27] 
INFO [2025-08-03 12:07:27] $cat.pos
INFO [2025-08-03 12:07:27] c(-30, 30)
INFO [2025-08-03 12:07:27] 
INFO [2025-08-03 12:07:27] $margin
INFO [2025-08-03 12:07:27] [1] 1
INFO [2025-08-03 12:07:27] 
INFO [2025-08-03 12:07:27] [[19]]
INFO [2025-08-03 12:07:27] 
INFO [2025-08-03 12:07:27] 
