INFO [2025-08-03 10:33:37] $x
INFO [2025-08-03 10:33:37] venn.list3
INFO [2025-08-03 10:33:37] 
INFO [2025-08-03 10:33:37] $na
INFO [2025-08-03 10:33:37] [1] "remove"
INFO [2025-08-03 10:33:37] 
INFO [2025-08-03 10:33:37] $scale
INFO [2025-08-03 10:33:37] F
INFO [2025-08-03 10:33:37] 
INFO [2025-08-03 10:33:37] $main
INFO [2025-08-03 10:33:37] [1] "Different housekeeping DEGs with External Dataset DEGs"
INFO [2025-08-03 10:33:37] 
INFO [2025-08-03 10:33:37] $main.cex
INFO [2025-08-03 10:33:37] [1] 2
INFO [2025-08-03 10:33:37] 
INFO [2025-08-03 10:33:37] $main.fontface
INFO [2025-08-03 10:33:37] [1] 2
INFO [2025-08-03 10:33:37] 
INFO [2025-08-03 10:33:37] $main.pos
INFO [2025-08-03 10:33:37] c(0.5, 0.58)
INFO [2025-08-03 10:33:37] 
INFO [2025-08-03 10:33:37] $lwd
INFO [2025-08-03 10:33:37] [1] 2
INFO [2025-08-03 10:33:37] 
INFO [2025-08-03 10:33:37] $lty
INFO [2025-08-03 10:33:37] [1] 1
INFO [2025-08-03 10:33:37] 
INFO [2025-08-03 10:33:37] $col
INFO [2025-08-03 10:33:37] c("#FFB3C0", "#FFDF80", "#C0CBDF")
INFO [2025-08-03 10:33:37] 
INFO [2025-08-03 10:33:37] $filename
INFO [2025-08-03 10:33:37] NULL
INFO [2025-08-03 10:33:37] 
INFO [2025-08-03 10:33:37] $fill
INFO [2025-08-03 10:33:37] c("#FFB3C0", "#FFDF80", "#C0CBDF")
INFO [2025-08-03 10:33:37] 
INFO [2025-08-03 10:33:37] $alpha
INFO [2025-08-03 10:33:37] [1] 0.5
INFO [2025-08-03 10:33:37] 
INFO [2025-08-03 10:33:37] $cat.cex
INFO [2025-08-03 10:33:37] [1] 1.6
INFO [2025-08-03 10:33:37] 
INFO [2025-08-03 10:33:37] $cex
INFO [2025-08-03 10:33:37] [1] 1.4
INFO [2025-08-03 10:33:37] 
INFO [2025-08-03 10:33:37] $cat.dist
INFO [2025-08-03 10:33:37] c(0.07, 0.07, 0.03)
INFO [2025-08-03 10:33:37] 
INFO [2025-08-03 10:33:37] $cat.default.pos
INFO [2025-08-03 10:33:37] [1] "outer"
INFO [2025-08-03 10:33:37] 
INFO [2025-08-03 10:33:37] $margin
INFO [2025-08-03 10:33:37] [1] 2
INFO [2025-08-03 10:33:37] 
INFO [2025-08-03 10:33:37] $cat.pos
INFO [2025-08-03 10:33:37] c(-45, 45, -180)
INFO [2025-08-03 10:33:37] 
