INFO [2025-08-03 10:33:45] $x
INFO [2025-08-03 10:33:45] venn.list3
INFO [2025-08-03 10:33:45] 
INFO [2025-08-03 10:33:45] $na
INFO [2025-08-03 10:33:45] [1] "remove"
INFO [2025-08-03 10:33:45] 
INFO [2025-08-03 10:33:45] $scale
INFO [2025-08-03 10:33:45] F
INFO [2025-08-03 10:33:45] 
INFO [2025-08-03 10:33:45] $main
INFO [2025-08-03 10:33:45] [1] "Different housekeeping DEGs with External Dataset DEGs"
INFO [2025-08-03 10:33:45] 
INFO [2025-08-03 10:33:45] $main.cex
INFO [2025-08-03 10:33:45] [1] 2
INFO [2025-08-03 10:33:45] 
INFO [2025-08-03 10:33:45] $main.fontface
INFO [2025-08-03 10:33:45] [1] 2
INFO [2025-08-03 10:33:45] 
INFO [2025-08-03 10:33:45] $main.pos
INFO [2025-08-03 10:33:45] c(0.5, 0.58)
INFO [2025-08-03 10:33:45] 
INFO [2025-08-03 10:33:45] $lwd
INFO [2025-08-03 10:33:45] [1] 2
INFO [2025-08-03 10:33:45] 
INFO [2025-08-03 10:33:45] $lty
INFO [2025-08-03 10:33:45] [1] 1
INFO [2025-08-03 10:33:45] 
INFO [2025-08-03 10:33:45] $col
INFO [2025-08-03 10:33:45] c("#FFB3C0", "#FFDF80", "#C0CBDF")
INFO [2025-08-03 10:33:45] 
INFO [2025-08-03 10:33:45] $filename
INFO [2025-08-03 10:33:45] NULL
INFO [2025-08-03 10:33:45] 
INFO [2025-08-03 10:33:45] $fill
INFO [2025-08-03 10:33:45] c("#FFB3C0", "#FFDF80", "#C0CBDF")
INFO [2025-08-03 10:33:45] 
INFO [2025-08-03 10:33:45] $alpha
INFO [2025-08-03 10:33:45] [1] 0.5
INFO [2025-08-03 10:33:45] 
INFO [2025-08-03 10:33:45] $cat.cex
INFO [2025-08-03 10:33:45] [1] 1.6
INFO [2025-08-03 10:33:45] 
INFO [2025-08-03 10:33:45] $cex
INFO [2025-08-03 10:33:45] [1] 2
INFO [2025-08-03 10:33:45] 
INFO [2025-08-03 10:33:45] $cat.dist
INFO [2025-08-03 10:33:45] c(0.07, 0.07, 0.03)
INFO [2025-08-03 10:33:45] 
INFO [2025-08-03 10:33:45] $cat.default.pos
INFO [2025-08-03 10:33:45] [1] "outer"
INFO [2025-08-03 10:33:45] 
INFO [2025-08-03 10:33:45] $margin
INFO [2025-08-03 10:33:45] [1] 2
INFO [2025-08-03 10:33:45] 
INFO [2025-08-03 10:33:45] $cat.pos
INFO [2025-08-03 10:33:45] c(-45, 45, -180)
INFO [2025-08-03 10:33:45] 
