INFO [2025-08-03 12:07:06] $x
INFO [2025-08-03 12:07:06] venn.list2
INFO [2025-08-03 12:07:06] 
INFO [2025-08-03 12:07:06] $na
INFO [2025-08-03 12:07:06] [1] "remove"
INFO [2025-08-03 12:07:06] 
INFO [2025-08-03 12:07:06] $scale
INFO [2025-08-03 12:07:06] F
INFO [2025-08-03 12:07:06] 
INFO [2025-08-03 12:07:06] $main
INFO [2025-08-03 12:07:06] [1] "Origin dataset type I IFN related-DEGs with External Dataset"
INFO [2025-08-03 12:07:06] 
INFO [2025-08-03 12:07:06] $main.cex
INFO [2025-08-03 12:07:06] [1] 2
INFO [2025-08-03 12:07:06] 
INFO [2025-08-03 12:07:06] $main.fontface
INFO [2025-08-03 12:07:06] [1] 2
INFO [2025-08-03 12:07:06] 
INFO [2025-08-03 12:07:06] $main.pos
INFO [2025-08-03 12:07:06] c(0.5, 0.61)
INFO [2025-08-03 12:07:06] 
INFO [2025-08-03 12:07:06] $lwd
INFO [2025-08-03 12:07:06] [1] 2
INFO [2025-08-03 12:07:06] 
INFO [2025-08-03 12:07:06] $lty
INFO [2025-08-03 12:07:06] [1] 1
INFO [2025-08-03 12:07:06] 
INFO [2025-08-03 12:07:06] $col
INFO [2025-08-03 12:07:06] c("#FFDF80", "#C0CBDF")
INFO [2025-08-03 12:07:06] 
INFO [2025-08-03 12:07:06] $filename
INFO [2025-08-03 12:07:06] NULL
INFO [2025-08-03 12:07:06] 
INFO [2025-08-03 12:07:06] $fill
INFO [2025-08-03 12:07:06] c("#FFDF80", "#C0CBDF")
INFO [2025-08-03 12:07:06] 
INFO [2025-08-03 12:07:06] $alpha
INFO [2025-08-03 12:07:06] [1] 0.5
INFO [2025-08-03 12:07:06] 
INFO [2025-08-03 12:07:06] $cat.cex
INFO [2025-08-03 12:07:06] [1] 1.6
INFO [2025-08-03 12:07:06] 
INFO [2025-08-03 12:07:06] $cex
INFO [2025-08-03 12:07:06] [1] 1.5
INFO [2025-08-03 12:07:06] 
INFO [2025-08-03 12:07:06] $cat.dist
INFO [2025-08-03 12:07:06] [1] 0.04
INFO [2025-08-03 12:07:06] 
INFO [2025-08-03 12:07:06] $cat.pos
INFO [2025-08-03 12:07:06] c(-30, 30)
INFO [2025-08-03 12:07:06] 
INFO [2025-08-03 12:07:06] $margin
INFO [2025-08-03 12:07:06] [1] 1
INFO [2025-08-03 12:07:06] 
INFO [2025-08-03 12:07:06] [[19]]
INFO [2025-08-03 12:07:06] 
INFO [2025-08-03 12:07:06] 
