INFO [2025-08-03 12:24:37] $x
INFO [2025-08-03 12:24:37] venn.list2
INFO [2025-08-03 12:24:37] 
INFO [2025-08-03 12:24:37] $na
INFO [2025-08-03 12:24:37] [1] "remove"
INFO [2025-08-03 12:24:37] 
INFO [2025-08-03 12:24:37] $scale
INFO [2025-08-03 12:24:37] F
INFO [2025-08-03 12:24:37] 
INFO [2025-08-03 12:24:37] $main
INFO [2025-08-03 12:24:37] [1] "Origin dataset Hallmark Type I IFN DEGs with External Dataset"
INFO [2025-08-03 12:24:37] 
INFO [2025-08-03 12:24:37] $main.cex
INFO [2025-08-03 12:24:37] [1] 2
INFO [2025-08-03 12:24:37] 
INFO [2025-08-03 12:24:37] $main.fontface
INFO [2025-08-03 12:24:37] [1] 2
INFO [2025-08-03 12:24:37] 
INFO [2025-08-03 12:24:37] $main.pos
INFO [2025-08-03 12:24:37] c(0.5, 0.61)
INFO [2025-08-03 12:24:37] 
INFO [2025-08-03 12:24:37] $lwd
INFO [2025-08-03 12:24:37] [1] 2
INFO [2025-08-03 12:24:37] 
INFO [2025-08-03 12:24:37] $lty
INFO [2025-08-03 12:24:37] [1] 1
INFO [2025-08-03 12:24:37] 
INFO [2025-08-03 12:24:37] $col
INFO [2025-08-03 12:24:37] c("#FFDF80", "#C0CBDF")
INFO [2025-08-03 12:24:37] 
INFO [2025-08-03 12:24:37] $filename
INFO [2025-08-03 12:24:37] NULL
INFO [2025-08-03 12:24:37] 
INFO [2025-08-03 12:24:37] $fill
INFO [2025-08-03 12:24:37] c("#FFDF80", "#C0CBDF")
INFO [2025-08-03 12:24:37] 
INFO [2025-08-03 12:24:37] $alpha
INFO [2025-08-03 12:24:37] [1] 0.5
INFO [2025-08-03 12:24:37] 
INFO [2025-08-03 12:24:37] $cat.cex
INFO [2025-08-03 12:24:37] [1] 1.6
INFO [2025-08-03 12:24:37] 
INFO [2025-08-03 12:24:37] $cex
INFO [2025-08-03 12:24:37] [1] 1.6
INFO [2025-08-03 12:24:37] 
INFO [2025-08-03 12:24:37] $cat.dist
INFO [2025-08-03 12:24:37] [1] 0.04
INFO [2025-08-03 12:24:37] 
INFO [2025-08-03 12:24:37] $cat.pos
INFO [2025-08-03 12:24:37] c(-30, 30)
INFO [2025-08-03 12:24:37] 
INFO [2025-08-03 12:24:37] $margin
INFO [2025-08-03 12:24:37] [1] 1
INFO [2025-08-03 12:24:37] 
INFO [2025-08-03 12:24:37] [[19]]
INFO [2025-08-03 12:24:37] 
INFO [2025-08-03 12:24:37] 
