INFO [2025-08-03 12:07:17] $x
INFO [2025-08-03 12:07:17] venn.list2
INFO [2025-08-03 12:07:17] 
INFO [2025-08-03 12:07:17] $na
INFO [2025-08-03 12:07:17] [1] "remove"
INFO [2025-08-03 12:07:17] 
INFO [2025-08-03 12:07:17] $scale
INFO [2025-08-03 12:07:17] F
INFO [2025-08-03 12:07:17] 
INFO [2025-08-03 12:07:17] $main
INFO [2025-08-03 12:07:17] [1] "Origin dataset type I IFN related-DEGs with External Dataset"
INFO [2025-08-03 12:07:17] 
INFO [2025-08-03 12:07:17] $main.cex
INFO [2025-08-03 12:07:17] [1] 2
INFO [2025-08-03 12:07:17] 
INFO [2025-08-03 12:07:17] $main.fontface
INFO [2025-08-03 12:07:17] [1] 2
INFO [2025-08-03 12:07:17] 
INFO [2025-08-03 12:07:17] $main.pos
INFO [2025-08-03 12:07:17] c(0.5, 0.61)
INFO [2025-08-03 12:07:17] 
INFO [2025-08-03 12:07:17] $lwd
INFO [2025-08-03 12:07:17] [1] 2
INFO [2025-08-03 12:07:17] 
INFO [2025-08-03 12:07:17] $lty
INFO [2025-08-03 12:07:17] [1] 1
INFO [2025-08-03 12:07:17] 
INFO [2025-08-03 12:07:17] $col
INFO [2025-08-03 12:07:17] c("#FFDF80", "#C0CBDF")
INFO [2025-08-03 12:07:17] 
INFO [2025-08-03 12:07:17] $filename
INFO [2025-08-03 12:07:17] NULL
INFO [2025-08-03 12:07:17] 
INFO [2025-08-03 12:07:17] $fill
INFO [2025-08-03 12:07:17] c("#FFDF80", "#C0CBDF")
INFO [2025-08-03 12:07:17] 
INFO [2025-08-03 12:07:17] $alpha
INFO [2025-08-03 12:07:17] [1] 0.5
INFO [2025-08-03 12:07:17] 
INFO [2025-08-03 12:07:17] $cat.cex
INFO [2025-08-03 12:07:17] [1] 1.6
INFO [2025-08-03 12:07:17] 
INFO [2025-08-03 12:07:17] $cex
INFO [2025-08-03 12:07:17] [1] 2
INFO [2025-08-03 12:07:17] 
INFO [2025-08-03 12:07:17] $cat.dist
INFO [2025-08-03 12:07:17] [1] 0.04
INFO [2025-08-03 12:07:17] 
INFO [2025-08-03 12:07:17] $cat.pos
INFO [2025-08-03 12:07:17] c(-30, 30)
INFO [2025-08-03 12:07:17] 
INFO [2025-08-03 12:07:17] $margin
INFO [2025-08-03 12:07:17] [1] 1
INFO [2025-08-03 12:07:17] 
INFO [2025-08-03 12:07:17] [[19]]
INFO [2025-08-03 12:07:17] 
INFO [2025-08-03 12:07:17] 
