INFO [2025-08-03 12:24:14] $x
INFO [2025-08-03 12:24:14] venn.list2
INFO [2025-08-03 12:24:14] 
INFO [2025-08-03 12:24:14] $na
INFO [2025-08-03 12:24:14] [1] "remove"
INFO [2025-08-03 12:24:14] 
INFO [2025-08-03 12:24:14] $scale
INFO [2025-08-03 12:24:14] F
INFO [2025-08-03 12:24:14] 
INFO [2025-08-03 12:24:14] $main
INFO [2025-08-03 12:24:14] [1] "Origin dataset type I IFN related-DEGs with External Dataset"
INFO [2025-08-03 12:24:14] 
INFO [2025-08-03 12:24:14] $main.cex
INFO [2025-08-03 12:24:14] [1] 2
INFO [2025-08-03 12:24:14] 
INFO [2025-08-03 12:24:14] $main.fontface
INFO [2025-08-03 12:24:14] [1] 2
INFO [2025-08-03 12:24:14] 
INFO [2025-08-03 12:24:14] $main.pos
INFO [2025-08-03 12:24:14] c(0.5, 0.61)
INFO [2025-08-03 12:24:14] 
INFO [2025-08-03 12:24:14] $lwd
INFO [2025-08-03 12:24:14] [1] 2
INFO [2025-08-03 12:24:14] 
INFO [2025-08-03 12:24:14] $lty
INFO [2025-08-03 12:24:14] [1] 1
INFO [2025-08-03 12:24:14] 
INFO [2025-08-03 12:24:14] $col
INFO [2025-08-03 12:24:14] c("#FFDF80", "#C0CBDF")
INFO [2025-08-03 12:24:14] 
INFO [2025-08-03 12:24:14] $filename
INFO [2025-08-03 12:24:14] NULL
INFO [2025-08-03 12:24:14] 
INFO [2025-08-03 12:24:14] $fill
INFO [2025-08-03 12:24:14] c("#FFDF80", "#C0CBDF")
INFO [2025-08-03 12:24:14] 
INFO [2025-08-03 12:24:14] $alpha
INFO [2025-08-03 12:24:14] [1] 0.5
INFO [2025-08-03 12:24:14] 
INFO [2025-08-03 12:24:14] $cat.cex
INFO [2025-08-03 12:24:14] [1] 1.6
INFO [2025-08-03 12:24:14] 
INFO [2025-08-03 12:24:14] $cex
INFO [2025-08-03 12:24:14] [1] 1.6
INFO [2025-08-03 12:24:14] 
INFO [2025-08-03 12:24:14] $cat.dist
INFO [2025-08-03 12:24:14] [1] 0.04
INFO [2025-08-03 12:24:14] 
INFO [2025-08-03 12:24:14] $cat.pos
INFO [2025-08-03 12:24:14] c(-30, 30)
INFO [2025-08-03 12:24:14] 
INFO [2025-08-03 12:24:14] $margin
INFO [2025-08-03 12:24:14] [1] 1
INFO [2025-08-03 12:24:14] 
INFO [2025-08-03 12:24:14] [[19]]
INFO [2025-08-03 12:24:14] 
INFO [2025-08-03 12:24:14] 
