INFO [2025-08-03 10:33:26] $x
INFO [2025-08-03 10:33:26] venn.list3
INFO [2025-08-03 10:33:26] 
INFO [2025-08-03 10:33:26] $na
INFO [2025-08-03 10:33:26] [1] "remove"
INFO [2025-08-03 10:33:26] 
INFO [2025-08-03 10:33:26] $scale
INFO [2025-08-03 10:33:26] F
INFO [2025-08-03 10:33:26] 
INFO [2025-08-03 10:33:26] $main
INFO [2025-08-03 10:33:26] [1] "Different housekeeping DEGs with External Dataset DEGs"
INFO [2025-08-03 10:33:26] 
INFO [2025-08-03 10:33:26] $main.cex
INFO [2025-08-03 10:33:26] [1] 2
INFO [2025-08-03 10:33:26] 
INFO [2025-08-03 10:33:26] $main.fontface
INFO [2025-08-03 10:33:26] [1] 2
INFO [2025-08-03 10:33:26] 
INFO [2025-08-03 10:33:26] $main.pos
INFO [2025-08-03 10:33:26] c(0.5, 0.58)
INFO [2025-08-03 10:33:26] 
INFO [2025-08-03 10:33:26] $lwd
INFO [2025-08-03 10:33:26] [1] 2
INFO [2025-08-03 10:33:26] 
INFO [2025-08-03 10:33:26] $lty
INFO [2025-08-03 10:33:26] [1] 1
INFO [2025-08-03 10:33:26] 
INFO [2025-08-03 10:33:26] $col
INFO [2025-08-03 10:33:26] c("#FFB3C0", "#FFDF80", "#C0CBDF")
INFO [2025-08-03 10:33:26] 
INFO [2025-08-03 10:33:26] $filename
INFO [2025-08-03 10:33:26] NULL
INFO [2025-08-03 10:33:26] 
INFO [2025-08-03 10:33:26] $fill
INFO [2025-08-03 10:33:26] c("#FFB3C0", "#FFDF80", "#C0CBDF")
INFO [2025-08-03 10:33:26] 
INFO [2025-08-03 10:33:26] $alpha
INFO [2025-08-03 10:33:26] [1] 0.5
INFO [2025-08-03 10:33:26] 
INFO [2025-08-03 10:33:26] $cat.cex
INFO [2025-08-03 10:33:26] [1] 1.6
INFO [2025-08-03 10:33:26] 
INFO [2025-08-03 10:33:26] $cex
INFO [2025-08-03 10:33:26] [1] 1.4
INFO [2025-08-03 10:33:26] 
INFO [2025-08-03 10:33:26] $cat.dist
INFO [2025-08-03 10:33:26] c(0.07, 0.07, 0.03)
INFO [2025-08-03 10:33:26] 
INFO [2025-08-03 10:33:26] $cat.default.pos
INFO [2025-08-03 10:33:26] [1] "outer"
INFO [2025-08-03 10:33:26] 
INFO [2025-08-03 10:33:26] $margin
INFO [2025-08-03 10:33:26] [1] 2
INFO [2025-08-03 10:33:26] 
INFO [2025-08-03 10:33:26] $cat.pos
INFO [2025-08-03 10:33:26] c(-45, 45, -180)
INFO [2025-08-03 10:33:26] 
