INFO [2025-08-03 12:06:40] $x
INFO [2025-08-03 12:06:40] venn.list2
INFO [2025-08-03 12:06:40] 
INFO [2025-08-03 12:06:40] $na
INFO [2025-08-03 12:06:40] [1] "remove"
INFO [2025-08-03 12:06:40] 
INFO [2025-08-03 12:06:40] $scale
INFO [2025-08-03 12:06:40] F
INFO [2025-08-03 12:06:40] 
INFO [2025-08-03 12:06:40] $main
INFO [2025-08-03 12:06:40] [1] "10 housekeeping type I IFN related-DEGs with External Dataset"
INFO [2025-08-03 12:06:40] 
INFO [2025-08-03 12:06:40] $main.cex
INFO [2025-08-03 12:06:40] [1] 2
INFO [2025-08-03 12:06:40] 
INFO [2025-08-03 12:06:40] $main.fontface
INFO [2025-08-03 12:06:40] [1] 2
INFO [2025-08-03 12:06:40] 
INFO [2025-08-03 12:06:40] $main.pos
INFO [2025-08-03 12:06:40] c(0.5, 0.61)
INFO [2025-08-03 12:06:40] 
INFO [2025-08-03 12:06:40] $lwd
INFO [2025-08-03 12:06:40] [1] 2
INFO [2025-08-03 12:06:40] 
INFO [2025-08-03 12:06:40] $lty
INFO [2025-08-03 12:06:40] [1] 1
INFO [2025-08-03 12:06:40] 
INFO [2025-08-03 12:06:40] $col
INFO [2025-08-03 12:06:40] c("#FFDF80", "#C0CBDF")
INFO [2025-08-03 12:06:40] 
INFO [2025-08-03 12:06:40] $filename
INFO [2025-08-03 12:06:40] NULL
INFO [2025-08-03 12:06:40] 
INFO [2025-08-03 12:06:40] $fill
INFO [2025-08-03 12:06:40] c("#FFDF80", "#C0CBDF")
INFO [2025-08-03 12:06:40] 
INFO [2025-08-03 12:06:40] $alpha
INFO [2025-08-03 12:06:40] [1] 0.5
INFO [2025-08-03 12:06:40] 
INFO [2025-08-03 12:06:40] $cat.cex
INFO [2025-08-03 12:06:40] [1] 1.6
INFO [2025-08-03 12:06:40] 
INFO [2025-08-03 12:06:40] $cex
INFO [2025-08-03 12:06:40] [1] 1.5
INFO [2025-08-03 12:06:40] 
INFO [2025-08-03 12:06:40] $cat.dist
INFO [2025-08-03 12:06:40] [1] 0.04
INFO [2025-08-03 12:06:40] 
INFO [2025-08-03 12:06:40] $cat.pos
INFO [2025-08-03 12:06:40] c(-30, 30)
INFO [2025-08-03 12:06:40] 
INFO [2025-08-03 12:06:40] $margin
INFO [2025-08-03 12:06:40] [1] 1
INFO [2025-08-03 12:06:40] 
INFO [2025-08-03 12:06:40] [[19]]
INFO [2025-08-03 12:06:40] 
INFO [2025-08-03 12:06:40] 
