INFO [2025-08-03 12:24:33] $x
INFO [2025-08-03 12:24:33] venn.list2
INFO [2025-08-03 12:24:33] 
INFO [2025-08-03 12:24:33] $na
INFO [2025-08-03 12:24:33] [1] "remove"
INFO [2025-08-03 12:24:33] 
INFO [2025-08-03 12:24:33] $scale
INFO [2025-08-03 12:24:33] F
INFO [2025-08-03 12:24:33] 
INFO [2025-08-03 12:24:33] $main
INFO [2025-08-03 12:24:33] [1] "Origin dataset hallmark Type I IFN DEGs with External Dataset"
INFO [2025-08-03 12:24:33] 
INFO [2025-08-03 12:24:33] $main.cex
INFO [2025-08-03 12:24:33] [1] 2
INFO [2025-08-03 12:24:33] 
INFO [2025-08-03 12:24:33] $main.fontface
INFO [2025-08-03 12:24:33] [1] 2
INFO [2025-08-03 12:24:33] 
INFO [2025-08-03 12:24:33] $main.pos
INFO [2025-08-03 12:24:33] c(0.5, 0.61)
INFO [2025-08-03 12:24:33] 
INFO [2025-08-03 12:24:33] $lwd
INFO [2025-08-03 12:24:33] [1] 2
INFO [2025-08-03 12:24:33] 
INFO [2025-08-03 12:24:33] $lty
INFO [2025-08-03 12:24:33] [1] 1
INFO [2025-08-03 12:24:33] 
INFO [2025-08-03 12:24:33] $col
INFO [2025-08-03 12:24:33] c("#FFDF80", "#C0CBDF")
INFO [2025-08-03 12:24:33] 
INFO [2025-08-03 12:24:33] $filename
INFO [2025-08-03 12:24:33] NULL
INFO [2025-08-03 12:24:33] 
INFO [2025-08-03 12:24:33] $fill
INFO [2025-08-03 12:24:33] c("#FFDF80", "#C0CBDF")
INFO [2025-08-03 12:24:33] 
INFO [2025-08-03 12:24:33] $alpha
INFO [2025-08-03 12:24:33] [1] 0.5
INFO [2025-08-03 12:24:33] 
INFO [2025-08-03 12:24:33] $cat.cex
INFO [2025-08-03 12:24:33] [1] 1.6
INFO [2025-08-03 12:24:33] 
INFO [2025-08-03 12:24:33] $cex
INFO [2025-08-03 12:24:33] [1] 1.6
INFO [2025-08-03 12:24:33] 
INFO [2025-08-03 12:24:33] $cat.dist
INFO [2025-08-03 12:24:33] [1] 0.04
INFO [2025-08-03 12:24:33] 
INFO [2025-08-03 12:24:33] $cat.pos
INFO [2025-08-03 12:24:33] c(-30, 30)
INFO [2025-08-03 12:24:33] 
INFO [2025-08-03 12:24:33] $margin
INFO [2025-08-03 12:24:33] [1] 1
INFO [2025-08-03 12:24:33] 
INFO [2025-08-03 12:24:33] [[19]]
INFO [2025-08-03 12:24:33] 
INFO [2025-08-03 12:24:33] 
