INFO [2025-08-03 12:07:22] $x
INFO [2025-08-03 12:07:22] venn.list2
INFO [2025-08-03 12:07:22] 
INFO [2025-08-03 12:07:22] $na
INFO [2025-08-03 12:07:22] [1] "remove"
INFO [2025-08-03 12:07:22] 
INFO [2025-08-03 12:07:22] $scale
INFO [2025-08-03 12:07:22] F
INFO [2025-08-03 12:07:22] 
INFO [2025-08-03 12:07:22] $main
INFO [2025-08-03 12:07:22] [1] "Origin dataset type I IFN related-DEGs with External Dataset"
INFO [2025-08-03 12:07:22] 
INFO [2025-08-03 12:07:22] $main.cex
INFO [2025-08-03 12:07:22] [1] 2
INFO [2025-08-03 12:07:22] 
INFO [2025-08-03 12:07:22] $main.fontface
INFO [2025-08-03 12:07:22] [1] 2
INFO [2025-08-03 12:07:22] 
INFO [2025-08-03 12:07:22] $main.pos
INFO [2025-08-03 12:07:22] c(0.5, 0.61)
INFO [2025-08-03 12:07:22] 
INFO [2025-08-03 12:07:22] $lwd
INFO [2025-08-03 12:07:22] [1] 2
INFO [2025-08-03 12:07:22] 
INFO [2025-08-03 12:07:22] $lty
INFO [2025-08-03 12:07:22] [1] 1
INFO [2025-08-03 12:07:22] 
INFO [2025-08-03 12:07:22] $col
INFO [2025-08-03 12:07:22] c("#FFDF80", "#C0CBDF")
INFO [2025-08-03 12:07:22] 
INFO [2025-08-03 12:07:22] $filename
INFO [2025-08-03 12:07:22] NULL
INFO [2025-08-03 12:07:22] 
INFO [2025-08-03 12:07:22] $fill
INFO [2025-08-03 12:07:22] c("#FFDF80", "#C0CBDF")
INFO [2025-08-03 12:07:22] 
INFO [2025-08-03 12:07:22] $alpha
INFO [2025-08-03 12:07:22] [1] 0.5
INFO [2025-08-03 12:07:22] 
INFO [2025-08-03 12:07:22] $cat.cex
INFO [2025-08-03 12:07:22] [1] 1.6
INFO [2025-08-03 12:07:22] 
INFO [2025-08-03 12:07:22] $cex
INFO [2025-08-03 12:07:22] [1] 1.8
INFO [2025-08-03 12:07:22] 
INFO [2025-08-03 12:07:22] $cat.dist
INFO [2025-08-03 12:07:22] [1] 0.04
INFO [2025-08-03 12:07:22] 
INFO [2025-08-03 12:07:22] $cat.pos
INFO [2025-08-03 12:07:22] c(-30, 30)
INFO [2025-08-03 12:07:22] 
INFO [2025-08-03 12:07:22] $margin
INFO [2025-08-03 12:07:22] [1] 1
INFO [2025-08-03 12:07:22] 
INFO [2025-08-03 12:07:22] [[19]]
INFO [2025-08-03 12:07:22] 
INFO [2025-08-03 12:07:22] 
